// Jest Snapshot v1, https://jestjs.io/docs/snapshot-testing

exports[`ElementSelector markup characterization start() markup snapshot: overlay + highlight box markup 1`] = `"<div id="agentlet-element-selector-overlay" style="position: fixed; top: 0px; left: 0px; width: 100vw; height: 100vh; background: rgba(0, 0, 0, 0.2); z-index: 100020; pointer-events: none;"><div style="position: absolute; top: 20px; left: 50%; transform: translateX(-50%); background: rgba(0, 0, 0, 0.8); color: white; padding: 12px 20px; border-radius: 6px; font-family: -apple-system, BlinkMacSystemFont, &quot;Segoe UI&quot;, Roboto, sans-serif; font-size: 14px; pointer-events: none; z-index: 100075;">Click a a element to select it, or press Enter to confirm selection, ESC to cancel</div></div><div id="agentlet-element-selector-highlight" style="position: absolute; border: 2px solid rgb(0, 123, 255); background: rgba(0, 123, 255, 0.1); pointer-events: none; z-index: 100010; display: none; transition: all 0.1s ease;"></div>"`;
