// Jest Snapshot v1, https://jestjs.io/docs/snapshot-testing

exports[`UIManager behaviour characterization setupBaseUI() DOM structure builds the expected ids/classes and matches a full structural snapshot 1`] = `"<div id="agentlet-container" class="agentlet-panel"><div id="agentlet-header" class="agentlet-header"><div id="agentlet-app-display" class="agentlet-app-display"><strong>Agentlet:</strong> <span id="agentlet-app-name">Ready</span></div></div><div id="agentlet-content" class="agentlet-content"></div><div id="agentlet-actions" class="agentlet-actions"><div class="agentlet-actions-left"><button></button></div><div class="agentlet-actions-right"></div></div></div>"`;
